Temporal runtime initialized
Created TimeAnchor: MainTimelineAnchor
Initial stability: 1.0

Performing temporal operations:
After minor operation - Stability: 0.95
After branch creation - Stability: 0.85
Projected risk for major rewrite: 0.42
Created timestream: ExperimentalBranch-TS001
Created echo: TestEcho-E001

Final system status:
Current stability: 0.85
Active timestreams: 1
Total anchors: 1
Harmonization succeeded
Final temporal debt: 0.15 